Traceback (most recent call last):
  File "<string>", line 4, in <module>
  File "C:\Users\Sriya\Desktop\app\arogyamitra\backend\app\services\langchain_service.py", line 6, in <module>
    from langchain.agents import AgentExecutor, create_tool_calling_agent
ImportError: cannot import name 'AgentExecutor' from 'langchain.agents' (C:\Users\Sriya\AppData\Local\Programs\Python\Python312\Lib\site-packages\langchain\agents\__init__.py)
